Archive member included to satisfy reference by file (symbol)

C:\Users\Mitchell\Desktop\Virtual_Pinball_Machine\Virtual_Pinball_Machine\ArduinoCore\Debug\libArduinoCore.a(main.o)
                              C:/Program Files (x86)/Atmel/Studio/7.0/Packs/atmel/ATmega_DFP/1.6.364/gcc/dev/atmega32u4/avr5/crtatmega32u4.o (main)
C:\Users\Mitchell\Desktop\Virtual_Pinball_Machine\Virtual_Pinball_Machine\ArduinoCore\Debug\libArduinoCore.a(USBCore.o)
                              C:\Users\Mitchell\Desktop\Virtual_Pinball_Machine\Virtual_Pinball_Machine\ArduinoCore\Debug\libArduinoCore.a(main.o) (_ZN10USBDevice_6attachEv)
C:\Users\Mitchell\Desktop\Virtual_Pinball_Machine\Virtual_Pinball_Machine\ArduinoCore\Debug\libArduinoCore.a(wiring.o)
                              Sketch.o (millis)
C:\Users\Mitchell\Desktop\Virtual_Pinball_Machine\Virtual_Pinball_Machine\ArduinoCore\Debug\libArduinoCore.a(Keyboard.o)
                              Sketch.o (_ZN9Keyboard_5beginEv)
C:\Users\Mitchell\Desktop\Virtual_Pinball_Machine\Virtual_Pinball_Machine\ArduinoCore\Debug\libArduinoCore.a(CDC.o)
                              C:\Users\Mitchell\Desktop\Virtual_Pinball_Machine\Virtual_Pinball_Machine\ArduinoCore\Debug\libArduinoCore.a(USBCore.o) (_Z16CDC_GetInterfacePh)
C:\Users\Mitchell\Desktop\Virtual_Pinball_Machine\Virtual_Pinball_Machine\ArduinoCore\Debug\libArduinoCore.a(hooks.o)
                              C:\Users\Mitchell\Desktop\Virtual_Pinball_Machine\Virtual_Pinball_Machine\ArduinoCore\Debug\libArduinoCore.a(wiring.o) (yield)
C:\Users\Mitchell\Desktop\Virtual_Pinball_Machine\Virtual_Pinball_Machine\ArduinoCore\Debug\libArduinoCore.a(PluggableUSB.o)
                              C:\Users\Mitchell\Desktop\Virtual_Pinball_Machine\Virtual_Pinball_Machine\ArduinoCore\Debug\libArduinoCore.a(USBCore.o) (_ZN13PluggableUSB_12getInterfaceEPh)
C:\Users\Mitchell\Desktop\Virtual_Pinball_Machine\Virtual_Pinball_Machine\ArduinoCore\Debug\libArduinoCore.a(HID.o)
                              C:\Users\Mitchell\Desktop\Virtual_Pinball_Machine\Virtual_Pinball_Machine\ArduinoCore\Debug\libArduinoCore.a(Keyboard.o) (_ZN4HID_16AppendDescriptorEP16HIDSubDescriptor)
c:/program files (x86)/atmel/studio/7.0/toolchain/avr8/avr8-gnu-toolchain/bin/../lib/gcc/avr/5.4.0/avr5\libgcc.a(_exit.o)
                              C:/Program Files (x86)/Atmel/Studio/7.0/Packs/atmel/ATmega_DFP/1.6.364/gcc/dev/atmega32u4/avr5/crtatmega32u4.o (exit)
c:/program files (x86)/atmel/studio/7.0/toolchain/avr8/avr8-gnu-toolchain/bin/../lib/gcc/avr/5.4.0/avr5\libgcc.a(_copy_data.o)
                              C:\Users\Mitchell\Desktop\Virtual_Pinball_Machine\Virtual_Pinball_Machine\ArduinoCore\Debug\libArduinoCore.a(USBCore.o) (__do_copy_data)
c:/program files (x86)/atmel/studio/7.0/toolchain/avr8/avr8-gnu-toolchain/bin/../lib/gcc/avr/5.4.0/avr5\libgcc.a(_clear_bss.o)
                              C:\Users\Mitchell\Desktop\Virtual_Pinball_Machine\Virtual_Pinball_Machine\ArduinoCore\Debug\libArduinoCore.a(USBCore.o) (__do_clear_bss)
c:/program files (x86)/atmel/studio/7.0/toolchain/avr8/avr8-gnu-toolchain/bin/../lib/gcc/avr/5.4.0/avr5\libgcc.a(_ctors.o)
                              C:\Users\Mitchell\Desktop\Virtual_Pinball_Machine\Virtual_Pinball_Machine\ArduinoCore\Debug\libArduinoCore.a(Keyboard.o) (__do_global_ctors)
c:/program files (x86)/atmel/studio/7.0/toolchain/avr8/avr8-gnu-toolchain/bin/../lib/gcc/avr/5.4.0/avr5\libgcc.a(_tablejump2.o)
                              c:/program files (x86)/atmel/studio/7.0/toolchain/avr8/avr8-gnu-toolchain/bin/../lib/gcc/avr/5.4.0/avr5\libgcc.a(_ctors.o) (__tablejump2__)

Discarded input sections

 .data          0x00000000        0x0 C:/Program Files (x86)/Atmel/Studio/7.0/Packs/atmel/ATmega_DFP/1.6.364/gcc/dev/atmega32u4/avr5/crtatmega32u4.o
 .bss           0x00000000        0x0 C:/Program Files (x86)/Atmel/Studio/7.0/Packs/atmel/ATmega_DFP/1.6.364/gcc/dev/atmega32u4/avr5/crtatmega32u4.o
 .text          0x00000000        0x0 Sketch.o
 .data          0x00000000        0x0 Sketch.o
 .bss           0x00000000        0x0 Sketch.o
 .text._Z13solenoid_ctrlmb
                0x00000000       0x2c Sketch.o
 .text          0x00000000        0x0 C:\Users\Mitchell\Desktop\Virtual_Pinball_Machine\Virtual_Pinball_Machine\ArduinoCore\Debug\libArduinoCore.a(main.o)
 .data          0x00000000        0x0 C:\Users\Mitchell\Desktop\Virtual_Pinball_Machine\Virtual_Pinball_Machine\ArduinoCore\Debug\libArduinoCore.a(main.o)
 .bss           0x00000000        0x0 C:\Users\Mitchell\Desktop\Virtual_Pinball_Machine\Virtual_Pinball_Machine\ArduinoCore\Debug\libArduinoCore.a(main.o)
 .text.atexit   0x00000000        0x6 C:\Users\Mitchell\Desktop\Virtual_Pinball_Machine\Virtual_Pinball_Machine\ArduinoCore\Debug\libArduinoCore.a(main.o)
 .text._Z8setupUSBv
                0x00000000        0x2 C:\Users\Mitchell\Desktop\Virtual_Pinball_Machine\Virtual_Pinball_Machine\ArduinoCore\Debug\libArduinoCore.a(main.o)
 .group         0x00000000        0x8 C:\Users\Mitchell\Desktop\Virtual_Pinball_Machine\Virtual_Pinball_Machine\ArduinoCore\Debug\libArduinoCore.a(USBCore.o)
 .text          0x00000000        0x0 C:\Users\Mitchell\Desktop\Virtual_Pinball_Machine\Virtual_Pinball_Machine\ArduinoCore\Debug\libArduinoCore.a(USBCore.o)
 .data          0x00000000        0x0 C:\Users\Mitchell\Desktop\Virtual_Pinball_Machine\Virtual_Pinball_Machine\ArduinoCore\Debug\libArduinoCore.a(USBCore.o)
 .bss           0x00000000        0x0 C:\Users\Mitchell\Desktop\Virtual_Pinball_Machine\Virtual_Pinball_Machine\ArduinoCore\Debug\libArduinoCore.a(USBCore.o)
 .text._Z19USBGetConfigurationv
                0x00000000        0x6 C:\Users\Mitchell\Desktop\Virtual_Pinball_Machine\Virtual_Pinball_Machine\ArduinoCore\Debug\libArduinoCore.a(USBCore.o)
 .text._Z12USBConnectedv
                0x00000000       0x22 C:\Users\Mitchell\Desktop\Virtual_Pinball_Machine\Virtual_Pinball_Machine\ArduinoCore\Debug\libArduinoCore.a(USBCore.o)
 .text._ZN10USBDevice_C2Ev
                0x00000000        0x2 C:\Users\Mitchell\Desktop\Virtual_Pinball_Machine\Virtual_Pinball_Machine\ArduinoCore\Debug\libArduinoCore.a(USBCore.o)
 .text._ZN10USBDevice_6detachEv
                0x00000000        0x2 C:\Users\Mitchell\Desktop\Virtual_Pinball_Machine\Virtual_Pinball_Machine\ArduinoCore\Debug\libArduinoCore.a(USBCore.o)
 .text._ZN10USBDevice_10configuredEv
                0x00000000        0xe C:\Users\Mitchell\Desktop\Virtual_Pinball_Machine\Virtual_Pinball_Machine\ArduinoCore\Debug\libArduinoCore.a(USBCore.o)
 .text._ZN10USBDevice_4pollEv
                0x00000000        0x2 C:\Users\Mitchell\Desktop\Virtual_Pinball_Machine\Virtual_Pinball_Machine\ArduinoCore\Debug\libArduinoCore.a(USBCore.o)
 .text._ZN10USBDevice_10wakeupHostEv
                0x00000000       0x38 C:\Users\Mitchell\Desktop\Virtual_Pinball_Machine\Virtual_Pinball_Machine\ArduinoCore\Debug\libArduinoCore.a(USBCore.o)
 .text._ZN10USBDevice_11isSuspendedEv
                0x00000000        0x8 C:\Users\Mitchell\Desktop\Virtual_Pinball_Machine\Virtual_Pinball_Machine\ArduinoCore\Debug\libArduinoCore.a(USBCore.o)
 .text          0x00000000        0x0 C:\Users\Mitchell\Desktop\Virtual_Pinball_Machine\Virtual_Pinball_Machine\ArduinoCore\Debug\libArduinoCore.a(wiring.o)
 .data          0x00000000        0x0 C:\Users\Mitchell\Desktop\Virtual_Pinball_Machine\Virtual_Pinball_Machine\ArduinoCore\Debug\libArduinoCore.a(wiring.o)
 .bss           0x00000000        0x0 C:\Users\Mitchell\Desktop\Virtual_Pinball_Machine\Virtual_Pinball_Machine\ArduinoCore\Debug\libArduinoCore.a(wiring.o)
 .text.delayMicroseconds
                0x00000000       0x16 C:\Users\Mitchell\Desktop\Virtual_Pinball_Machine\Virtual_Pinball_Machine\ArduinoCore\Debug\libArduinoCore.a(wiring.o)
 .group         0x00000000        0x8 C:\Users\Mitchell\Desktop\Virtual_Pinball_Machine\Virtual_Pinball_Machine\ArduinoCore\Debug\libArduinoCore.a(Keyboard.o)
 .group         0x00000000        0x8 C:\Users\Mitchell\Desktop\Virtual_Pinball_Machine\Virtual_Pinball_Machine\ArduinoCore\Debug\libArduinoCore.a(Keyboard.o)
 .group         0x00000000        0x8 C:\Users\Mitchell\Desktop\Virtual_Pinball_Machine\Virtual_Pinball_Machine\ArduinoCore\Debug\libArduinoCore.a(Keyboard.o)
 .text          0x00000000        0x0 C:\Users\Mitchell\Desktop\Virtual_Pinball_Machine\Virtual_Pinball_Machine\ArduinoCore\Debug\libArduinoCore.a(Keyboard.o)
 .data          0x00000000        0x0 C:\Users\Mitchell\Desktop\Virtual_Pinball_Machine\Virtual_Pinball_Machine\ArduinoCore\Debug\libArduinoCore.a(Keyboard.o)
 .bss           0x00000000        0x0 C:\Users\Mitchell\Desktop\Virtual_Pinball_Machine\Virtual_Pinball_Machine\ArduinoCore\Debug\libArduinoCore.a(Keyboard.o)
 .text._ZN9Keyboard_3endEv
                0x00000000        0x2 C:\Users\Mitchell\Desktop\Virtual_Pinball_Machine\Virtual_Pinball_Machine\ArduinoCore\Debug\libArduinoCore.a(Keyboard.o)
 .text._ZN9Keyboard_10releaseAllEv
                0x00000000       0x1a C:\Users\Mitchell\Desktop\Virtual_Pinball_Machine\Virtual_Pinball_Machine\ArduinoCore\Debug\libArduinoCore.a(Keyboard.o)
 .group         0x00000000        0x8 C:\Users\Mitchell\Desktop\Virtual_Pinball_Machine\Virtual_Pinball_Machine\ArduinoCore\Debug\libArduinoCore.a(CDC.o)
 .group         0x00000000        0x8 C:\Users\Mitchell\Desktop\Virtual_Pinball_Machine\Virtual_Pinball_Machine\ArduinoCore\Debug\libArduinoCore.a(CDC.o)
 .group         0x00000000        0x8 C:\Users\Mitchell\Desktop\Virtual_Pinball_Machine\Virtual_Pinball_Machine\ArduinoCore\Debug\libArduinoCore.a(CDC.o)
 .text          0x00000000        0x0 C:\Users\Mitchell\Desktop\Virtual_Pinball_Machine\Virtual_Pinball_Machine\ArduinoCore\Debug\libArduinoCore.a(CDC.o)
 .data          0x00000000        0x0 C:\Users\Mitchell\Desktop\Virtual_Pinball_Machine\Virtual_Pinball_Machine\ArduinoCore\Debug\libArduinoCore.a(CDC.o)
 .bss           0x00000000        0x0 C:\Users\Mitchell\Desktop\Virtual_Pinball_Machine\Virtual_Pinball_Machine\ArduinoCore\Debug\libArduinoCore.a(CDC.o)
 .text._ZN5Print17availableForWriteEv
                0x00000000        0x6 C:\Users\Mitchell\Desktop\Virtual_Pinball_Machine\Virtual_Pinball_Machine\ArduinoCore\Debug\libArduinoCore.a(CDC.o)
 .text._ZN5Print5flushEv
                0x00000000        0x2 C:\Users\Mitchell\Desktop\Virtual_Pinball_Machine\Virtual_Pinball_Machine\ArduinoCore\Debug\libArduinoCore.a(CDC.o)
 .text._ZN7Serial_5beginEm
                0x00000000        0xc C:\Users\Mitchell\Desktop\Virtual_Pinball_Machine\Virtual_Pinball_Machine\ArduinoCore\Debug\libArduinoCore.a(CDC.o)
 .text._ZN7Serial_5beginEmh
                0x00000000        0xc C:\Users\Mitchell\Desktop\Virtual_Pinball_Machine\Virtual_Pinball_Machine\ArduinoCore\Debug\libArduinoCore.a(CDC.o)
 .text._ZN7Serial_3endEv
                0x00000000        0x2 C:\Users\Mitchell\Desktop\Virtual_Pinball_Machine\Virtual_Pinball_Machine\ArduinoCore\Debug\libArduinoCore.a(CDC.o)
 .text._ZN7Serial_cvbEv
                0x00000000       0x1e C:\Users\Mitchell\Desktop\Virtual_Pinball_Machine\Virtual_Pinball_Machine\ArduinoCore\Debug\libArduinoCore.a(CDC.o)
 .text._ZN7Serial_4baudEv
                0x00000000       0x18 C:\Users\Mitchell\Desktop\Virtual_Pinball_Machine\Virtual_Pinball_Machine\ArduinoCore\Debug\libArduinoCore.a(CDC.o)
 .text._ZN7Serial_8stopbitsEv
                0x00000000        0x6 C:\Users\Mitchell\Desktop\Virtual_Pinball_Machine\Virtual_Pinball_Machine\ArduinoCore\Debug\libArduinoCore.a(CDC.o)
 .text._ZN7Serial_10paritytypeEv
                0x00000000        0x6 C:\Users\Mitchell\Desktop\Virtual_Pinball_Machine\Virtual_Pinball_Machine\ArduinoCore\Debug\libArduinoCore.a(CDC.o)
 .text._ZN7Serial_7numbitsEv
                0x00000000        0x6 C:\Users\Mitchell\Desktop\Virtual_Pinball_Machine\Virtual_Pinball_Machine\ArduinoCore\Debug\libArduinoCore.a(CDC.o)
 .text._ZN7Serial_3dtrEv
                0x00000000        0x8 C:\Users\Mitchell\Desktop\Virtual_Pinball_Machine\Virtual_Pinball_Machine\ArduinoCore\Debug\libArduinoCore.a(CDC.o)
 .text._ZN7Serial_3rtsEv
                0x00000000        0xa C:\Users\Mitchell\Desktop\Virtual_Pinball_Machine\Virtual_Pinball_Machine\ArduinoCore\Debug\libArduinoCore.a(CDC.o)
 .text._ZN7Serial_9readBreakEv
                0x00000000       0x40 C:\Users\Mitchell\Desktop\Virtual_Pinball_Machine\Virtual_Pinball_Machine\ArduinoCore\Debug\libArduinoCore.a(CDC.o)
 .text          0x00000000        0x0 C:\Users\Mitchell\Desktop\Virtual_Pinball_Machine\Virtual_Pinball_Machine\ArduinoCore\Debug\libArduinoCore.a(hooks.o)
 .data          0x00000000        0x0 C:\Users\Mitchell\Desktop\Virtual_Pinball_Machine\Virtual_Pinball_Machine\ArduinoCore\Debug\libArduinoCore.a(hooks.o)
 .bss           0x00000000        0x0 C:\Users\Mitchell\Desktop\Virtual_Pinball_Machine\Virtual_Pinball_Machine\ArduinoCore\Debug\libArduinoCore.a(hooks.o)
 .text          0x00000000        0x0 C:\Users\Mitchell\Desktop\Virtual_Pinball_Machine\Virtual_Pinball_Machine\ArduinoCore\Debug\libArduinoCore.a(PluggableUSB.o)
 .data          0x00000000        0x0 C:\Users\Mitchell\Desktop\Virtual_Pinball_Machine\Virtual_Pinball_Machine\ArduinoCore\Debug\libArduinoCore.a(PluggableUSB.o)
 .bss           0x00000000        0x0 C:\Users\Mitchell\Desktop\Virtual_Pinball_Machine\Virtual_Pinball_Machine\ArduinoCore\Debug\libArduinoCore.a(PluggableUSB.o)
 .text._ZN13PluggableUSB_C2Ev
                0x00000000       0x10 C:\Users\Mitchell\Desktop\Virtual_Pinball_Machine\Virtual_Pinball_Machine\ArduinoCore\Debug\libArduinoCore.a(PluggableUSB.o)
 .group         0x00000000        0x8 C:\Users\Mitchell\Desktop\Virtual_Pinball_Machine\Virtual_Pinball_Machine\ArduinoCore\Debug\libArduinoCore.a(HID.o)
 .group         0x00000000        0x8 C:\Users\Mitchell\Desktop\Virtual_Pinball_Machine\Virtual_Pinball_Machine\ArduinoCore\Debug\libArduinoCore.a(HID.o)
 .text          0x00000000        0x0 C:\Users\Mitchell\Desktop\Virtual_Pinball_Machine\Virtual_Pinball_Machine\ArduinoCore\Debug\libArduinoCore.a(HID.o)
 .data          0x00000000        0x0 C:\Users\Mitchell\Desktop\Virtual_Pinball_Machine\Virtual_Pinball_Machine\ArduinoCore\Debug\libArduinoCore.a(HID.o)
 .bss           0x00000000        0x0 C:\Users\Mitchell\Desktop\Virtual_Pinball_Machine\Virtual_Pinball_Machine\ArduinoCore\Debug\libArduinoCore.a(HID.o)
 .text._ZN18PluggableUSBModule12getShortNameEPc
                0x00000000        0xe C:\Users\Mitchell\Desktop\Virtual_Pinball_Machine\Virtual_Pinball_Machine\ArduinoCore\Debug\libArduinoCore.a(HID.o)
 .text._ZN4HID_5beginEv
                0x00000000        0x6 C:\Users\Mitchell\Desktop\Virtual_Pinball_Machine\Virtual_Pinball_Machine\ArduinoCore\Debug\libArduinoCore.a(HID.o)
 .text          0x00000000        0x0 c:/program files (x86)/atmel/studio/7.0/toolchain/avr8/avr8-gnu-toolchain/bin/../lib/gcc/avr/5.4.0/avr5\libgcc.a(_exit.o)
 .data          0x00000000        0x0 c:/program files (x86)/atmel/studio/7.0/toolchain/avr8/avr8-gnu-toolchain/bin/../lib/gcc/avr/5.4.0/avr5\libgcc.a(_exit.o)
 .bss           0x00000000        0x0 c:/program files (x86)/atmel/studio/7.0/toolchain/avr8/avr8-gnu-toolchain/bin/../lib/gcc/avr/5.4.0/avr5\libgcc.a(_exit.o)
 .text.libgcc.mul
                0x00000000        0x0 c:/program files (x86)/atmel/studio/7.0/toolchain/avr8/avr8-gnu-toolchain/bin/../lib/gcc/avr/5.4.0/avr5\libgcc.a(_exit.o)
 .text.libgcc.div
                0x00000000        0x0 c:/program files (x86)/atmel/studio/7.0/toolchain/avr8/avr8-gnu-toolchain/bin/../lib/gcc/avr/5.4.0/avr5\libgcc.a(_exit.o)
 .text.libgcc   0x00000000        0x0 c:/program files (x86)/atmel/studio/7.0/toolchain/avr8/avr8-gnu-toolchain/bin/../lib/gcc/avr/5.4.0/avr5\libgcc.a(_exit.o)
 .text.libgcc.prologue
                0x00000000        0x0 c:/program files (x86)/atmel/studio/7.0/toolchain/avr8/avr8-gnu-toolchain/bin/../lib/gcc/avr/5.4.0/avr5\libgcc.a(_exit.o)
 .text.libgcc.builtins
                0x00000000        0x0 c:/program files (x86)/atmel/studio/7.0/toolchain/avr8/avr8-gnu-toolchain/bin/../lib/gcc/avr/5.4.0/avr5\libgcc.a(_exit.o)
 .text.libgcc.fmul
                0x00000000        0x0 c:/program files (x86)/atmel/studio/7.0/toolchain/avr8/avr8-gnu-toolchain/bin/../lib/gcc/avr/5.4.0/avr5\libgcc.a(_exit.o)
 .text.libgcc.fixed
                0x00000000        0x0 c:/program files (x86)/atmel/studio/7.0/toolchain/avr8/avr8-gnu-toolchain/bin/../lib/gcc/avr/5.4.0/avr5\libgcc.a(_exit.o)
 .text          0x00000000        0x0 c:/program files (x86)/atmel/studio/7.0/toolchain/avr8/avr8-gnu-toolchain/bin/../lib/gcc/avr/5.4.0/avr5\libgcc.a(_copy_data.o)
 .data          0x00000000        0x0 c:/program files (x86)/atmel/studio/7.0/toolchain/avr8/avr8-gnu-toolchain/bin/../lib/gcc/avr/5.4.0/avr5\libgcc.a(_copy_data.o)
 .bss           0x00000000        0x0 c:/program files (x86)/atmel/studio/7.0/toolchain/avr8/avr8-gnu-toolchain/bin/../lib/gcc/avr/5.4.0/avr5\libgcc.a(_copy_data.o)
 .text.libgcc.mul
                0x00000000        0x0 c:/program files (x86)/atmel/studio/7.0/toolchain/avr8/avr8-gnu-toolchain/bin/../lib/gcc/avr/5.4.0/avr5\libgcc.a(_copy_data.o)
 .text.libgcc.div
                0x00000000        0x0 c:/program files (x86)/atmel/studio/7.0/toolchain/avr8/avr8-gnu-toolchain/bin/../lib/gcc/avr/5.4.0/avr5\libgcc.a(_copy_data.o)
 .text.libgcc   0x00000000        0x0 c:/program files (x86)/atmel/studio/7.0/toolchain/avr8/avr8-gnu-toolchain/bin/../lib/gcc/avr/5.4.0/avr5\libgcc.a(_copy_data.o)
 .text.libgcc.prologue
                0x00000000        0x0 c:/program files (x86)/atmel/studio/7.0/toolchain/avr8/avr8-gnu-toolchain/bin/../lib/gcc/avr/5.4.0/avr5\libgcc.a(_copy_data.o)
 .text.libgcc.builtins
                0x00000000        0x0 c:/program files (x86)/atmel/studio/7.0/toolchain/avr8/avr8-gnu-toolchain/bin/../lib/gcc/avr/5.4.0/avr5\libgcc.a(_copy_data.o)
 .text.libgcc.fmul
                0x00000000        0x0 c:/program files (x86)/atmel/studio/7.0/toolchain/avr8/avr8-gnu-toolchain/bin/../lib/gcc/avr/5.4.0/avr5\libgcc.a(_copy_data.o)
 .text.libgcc.fixed
                0x00000000        0x0 c:/program files (x86)/atmel/studio/7.0/toolchain/avr8/avr8-gnu-toolchain/bin/../lib/gcc/avr/5.4.0/avr5\libgcc.a(_copy_data.o)
 .text          0x00000000        0x0 c:/program files (x86)/atmel/studio/7.0/toolchain/avr8/avr8-gnu-toolchain/bin/../lib/gcc/avr/5.4.0/avr5\libgcc.a(_clear_bss.o)
 .data          0x00000000        0x0 c:/program files (x86)/atmel/studio/7.0/toolchain/avr8/avr8-gnu-toolchain/bin/../lib/gcc/avr/5.4.0/avr5\libgcc.a(_clear_bss.o)
 .bss           0x00000000        0x0 c:/program files (x86)/atmel/studio/7.0/toolchain/avr8/avr8-gnu-toolchain/bin/../lib/gcc/avr/5.4.0/avr5\libgcc.a(_clear_bss.o)
 .text.libgcc.mul
                0x00000000        0x0 c:/program files (x86)/atmel/studio/7.0/toolchain/avr8/avr8-gnu-toolchain/bin/../lib/gcc/avr/5.4.0/avr5\libgcc.a(_clear_bss.o)
 .text.libgcc.div
                0x00000000        0x0 c:/program files (x86)/atmel/studio/7.0/toolchain/avr8/avr8-gnu-toolchain/bin/../lib/gcc/avr/5.4.0/avr5\libgcc.a(_clear_bss.o)
 .text.libgcc   0x00000000        0x0 c:/program files (x86)/atmel/studio/7.0/toolchain/avr8/avr8-gnu-toolchain/bin/../lib/gcc/avr/5.4.0/avr5\libgcc.a(_clear_bss.o)
 .text.libgcc.prologue
                0x00000000        0x0 c:/program files (x86)/atmel/studio/7.0/toolchain/avr8/avr8-gnu-toolchain/bin/../lib/gcc/avr/5.4.0/avr5\libgcc.a(_clear_bss.o)
 .text.libgcc.builtins
                0x00000000        0x0 c:/program files (x86)/atmel/studio/7.0/toolchain/avr8/avr8-gnu-toolchain/bin/../lib/gcc/avr/5.4.0/avr5\libgcc.a(_clear_bss.o)
 .text.libgcc.fmul
                0x00000000        0x0 c:/program files (x86)/atmel/studio/7.0/toolchain/avr8/avr8-gnu-toolchain/bin/../lib/gcc/avr/5.4.0/avr5\libgcc.a(_clear_bss.o)
 .text.libgcc.fixed
                0x00000000        0x0 c:/program files (x86)/atmel/studio/7.0/toolchain/avr8/avr8-gnu-toolchain/bin/../lib/gcc/avr/5.4.0/avr5\libgcc.a(_clear_bss.o)
 .text          0x00000000        0x0 c:/program files (x86)/atmel/studio/7.0/toolchain/avr8/avr8-gnu-toolchain/bin/../lib/gcc/avr/5.4.0/avr5\libgcc.a(_ctors.o)
 .data          0x00000000        0x0 c:/program files (x86)/atmel/studio/7.0/toolchain/avr8/avr8-gnu-toolchain/bin/../lib/gcc/avr/5.4.0/avr5\libgcc.a(_ctors.o)
 .bss           0x00000000        0x0 c:/program files (x86)/atmel/studio/7.0/toolchain/avr8/avr8-gnu-toolchain/bin/../lib/gcc/avr/5.4.0/avr5\libgcc.a(_ctors.o)
 .text.libgcc.mul
                0x00000000        0x0 c:/program files (x86)/atmel/studio/7.0/toolchain/avr8/avr8-gnu-toolchain/bin/../lib/gcc/avr/5.4.0/avr5\libgcc.a(_ctors.o)
 .text.libgcc.div
                0x00000000        0x0 c:/program files (x86)/atmel/studio/7.0/toolchain/avr8/avr8-gnu-toolchain/bin/../lib/gcc/avr/5.4.0/avr5\libgcc.a(_ctors.o)
 .text.libgcc   0x00000000        0x0 c:/program files (x86)/atmel/studio/7.0/toolchain/avr8/avr8-gnu-toolchain/bin/../lib/gcc/avr/5.4.0/avr5\libgcc.a(_ctors.o)
 .text.libgcc.prologue
                0x00000000        0x0 c:/program files (x86)/atmel/studio/7.0/toolchain/avr8/avr8-gnu-toolchain/bin/../lib/gcc/avr/5.4.0/avr5\libgcc.a(_ctors.o)
 .text.libgcc.builtins
                0x00000000        0x0 c:/program files (x86)/atmel/studio/7.0/toolchain/avr8/avr8-gnu-toolchain/bin/../lib/gcc/avr/5.4.0/avr5\libgcc.a(_ctors.o)
 .text.libgcc.fmul
                0x00000000        0x0 c:/program files (x86)/atmel/studio/7.0/toolchain/avr8/avr8-gnu-toolchain/bin/../lib/gcc/avr/5.4.0/avr5\libgcc.a(_ctors.o)
 .text.libgcc.fixed
                0x00000000        0x0 c:/program files (x86)/atmel/studio/7.0/toolchain/avr8/avr8-gnu-toolchain/bin/../lib/gcc/avr/5.4.0/avr5\libgcc.a(_ctors.o)
 .text          0x00000000        0x0 c:/program files (x86)/atmel/studio/7.0/toolchain/avr8/avr8-gnu-toolchain/bin/../lib/gcc/avr/5.4.0/avr5\libgcc.a(_tablejump2.o)
 .data          0x00000000        0x0 c:/program files (x86)/atmel/studio/7.0/toolchain/avr8/avr8-gnu-toolchain/bin/../lib/gcc/avr/5.4.0/avr5\libgcc.a(_tablejump2.o)
 .bss           0x00000000        0x0 c:/program files (x86)/atmel/studio/7.0/toolchain/avr8/avr8-gnu-toolchain/bin/../lib/gcc/avr/5.4.0/avr5\libgcc.a(_tablejump2.o)
 .text.libgcc.mul
                0x00000000        0x0 c:/program files (x86)/atmel/studio/7.0/toolchain/avr8/avr8-gnu-toolchain/bin/../lib/gcc/avr/5.4.0/avr5\libgcc.a(_tablejump2.o)
 .text.libgcc.div
                0x00000000        0x0 c:/program files (x86)/atmel/studio/7.0/toolchain/avr8/avr8-gnu-toolchain/bin/../lib/gcc/avr/5.4.0/avr5\libgcc.a(_tablejump2.o)
 .text.libgcc.prologue
                0x00000000        0x0 c:/program files (x86)/atmel/studio/7.0/toolchain/avr8/avr8-gnu-toolchain/bin/../lib/gcc/avr/5.4.0/avr5\libgcc.a(_tablejump2.o)
 .text.libgcc.builtins
                0x00000000        0x0 c:/program files (x86)/atmel/studio/7.0/toolchain/avr8/avr8-gnu-toolchain/bin/../lib/gcc/avr/5.4.0/avr5\libgcc.a(_tablejump2.o)
 .text.libgcc.fmul
                0x00000000        0x0 c:/program files (x86)/atmel/studio/7.0/toolchain/avr8/avr8-gnu-toolchain/bin/../lib/gcc/avr/5.4.0/avr5\libgcc.a(_tablejump2.o)
 .text.libgcc.fixed
                0x00000000        0x0 c:/program files (x86)/atmel/studio/7.0/toolchain/avr8/avr8-gnu-toolchain/bin/../lib/gcc/avr/5.4.0/avr5\libgcc.a(_tablejump2.o)

Memory Configuration

Name             Origin             Length             Attributes
text             0x00000000         0x00008000         xr
data             0x00800100         0x00000a00         rw !x
eeprom           0x00810000         0x00000400         rw !x
fuse             0x00820000         0x00000003         rw !x
lock             0x00830000         0x00000400         rw !x
signature        0x00840000         0x00000400         rw !x
user_signatures  0x00850000         0x00000400         rw !x
*default*        0x00000000         0xffffffff

Linker script and memory map

Address of section .data set to 0x800100
LOAD C:/Program Files (x86)/Atmel/Studio/7.0/Packs/atmel/ATmega_DFP/1.6.364/gcc/dev/atmega32u4/avr5/crtatmega32u4.o
LOAD Sketch.o
START GROUP
LOAD c:/program files (x86)/atmel/studio/7.0/toolchain/avr8/avr8-gnu-toolchain/bin/../lib/gcc/avr/5.4.0/../../../../avr/lib/avr5\libm.a
LOAD C:\Users\Mitchell\Desktop\Virtual_Pinball_Machine\Virtual_Pinball_Machine\ArduinoCore\Debug\libArduinoCore.a
END GROUP
LOAD c:/program files (x86)/atmel/studio/7.0/toolchain/avr8/avr8-gnu-toolchain/bin/../lib/gcc/avr/5.4.0/avr5\libgcc.a
LOAD c:/program files (x86)/atmel/studio/7.0/toolchain/avr8/avr8-gnu-toolchain/bin/../lib/gcc/avr/5.4.0/../../../../avr/lib/avr5\libm.a
START GROUP
LOAD c:/program files (x86)/atmel/studio/7.0/toolchain/avr8/avr8-gnu-toolchain/bin/../lib/gcc/avr/5.4.0/avr5\libgcc.a
LOAD c:/program files (x86)/atmel/studio/7.0/toolchain/avr8/avr8-gnu-toolchain/bin/../lib/gcc/avr/5.4.0/../../../../avr/lib/avr5\libm.a
LOAD c:/program files (x86)/atmel/studio/7.0/toolchain/avr8/avr8-gnu-toolchain/bin/../lib/gcc/avr/5.4.0/../../../../avr/lib/avr5\libc.a
LOAD C:/Program Files (x86)/Atmel/Studio/7.0/Packs/atmel/ATmega_DFP/1.6.364/gcc/dev/atmega32u4/avr5\libatmega32u4.a
END GROUP
                0x00000000                __TEXT_REGION_ORIGIN__ = DEFINED (__TEXT_REGION_ORIGIN__)?__TEXT_REGION_ORIGIN__:0x0
                [0x00800100]                __DATA_REGION_ORIGIN__ = DEFINED (__DATA_REGION_ORIGIN__)?__DATA_REGION_ORIGIN__:0x800060
                [0x00008000]                __TEXT_REGION_LENGTH__ = DEFINED (__TEXT_REGION_LENGTH__)?__TEXT_REGION_LENGTH__:0x20000
                [0x00000a00]                __DATA_REGION_LENGTH__ = DEFINED (__DATA_REGION_LENGTH__)?__DATA_REGION_LENGTH__:0xffa0
                [0x00000400]                __EEPROM_REGION_LENGTH__ = DEFINED (__EEPROM_REGION_LENGTH__)?__EEPROM_REGION_LENGTH__:0x10000
                [0x00000003]                __FUSE_REGION_LENGTH__ = DEFINED (__FUSE_REGION_LENGTH__)?__FUSE_REGION_LENGTH__:0x400
                0x00000400                __LOCK_REGION_LENGTH__ = DEFINED (__LOCK_REGION_LENGTH__)?__LOCK_REGION_LENGTH__:0x400
                0x00000400                __SIGNATURE_REGION_LENGTH__ = DEFINED (__SIGNATURE_REGION_LENGTH__)?__SIGNATURE_REGION_LENGTH__:0x400
                0x00000400                __USER_SIGNATURE_REGION_LENGTH__ = DEFINED (__USER_SIGNATURE_REGION_LENGTH__)?__USER_SIGNATURE_REGION_LENGTH__:0x400

.hash
 *(.hash)

.dynsym
 *(.dynsym)

.dynstr
 *(.dynstr)

.gnu.version
 *(.gnu.version)

.gnu.version_d
 *(.gnu.version_d)

.gnu.version_r
 *(.gnu.version_r)

.rel.init
 *(.rel.init)

.rela.init
 *(.rela.init)

.rel.text
 *(.rel.text)
 *(.rel.text.*)
 *(.rel.gnu.linkonce.t*)

.rela.text
 *(.rela.text)
 *(.rela.text.*)
 *(.rela.gnu.linkonce.t*)

.rel.fini
 *(.rel.fini)

.rela.fini
 *(.rela.fini)

.rel.rodata
 *(.rel.rodata)
 *(.rel.rodata.*)
 *(.rel.gnu.linkonce.r*)

.rela.rodata
 *(.rela.rodata)
 *(.rela.rodata.*)
 *(.rela.gnu.linkonce.r*)

.rel.data
 *(.rel.data)
 *(.rel.data.*)
 *(.rel.gnu.linkonce.d*)

.rela.data
 *(.rela.data)
 *(.rela.data.*)
 *(.rela.gnu.linkonce.d*)

.rel.ctors
 *(.rel.ctors)

.rela.ctors
 *(.rela.ctors)

.rel.dtors
 *(.rel.dtors)

.rela.dtors
 *(.rela.dtors)

.rel.got
 *(.rel.got)

.rela.got
 *(.rela.got)

.rel.bss
 *(.rel.bss)

.rela.bss
 *(.rela.bss)

.rel.plt
 *(.rel.plt)

.rela.plt
 *(.rela.plt)

.text           0x00000000     0x189e
 *(.vectors)
 .vectors       0x00000000       0xac C:/Program Files (x86)/Atmel/Studio/7.0/Packs/atmel/ATmega_DFP/1.6.364/gcc/dev/atmega32u4/avr5/crtatmega32u4.o
                0x00000000                __vector_default
                0x00000000                __vectors
 *(.vectors)
 *(.progmem.gcc*)
                0x000000ac                . = ALIGN (0x2)
                0x000000ac                __trampolines_start = .
 *(.trampolines)
 .trampolines   0x000000ac        0x0 linker stubs
 *(.trampolines*)
                0x000000ac                __trampolines_end = .
 *libprintf_flt.a:*(.progmem.data)
 *libc.a:*(.progmem.data)
 *(.progmem*)
 .progmem.data.USB_DeviceDescriptorIAD
                0x000000ac       0x12 C:\Users\Mitchell\Desktop\Virtual_Pinball_Machine\Virtual_Pinball_Machine\ArduinoCore\Debug\libArduinoCore.a(USBCore.o)
                0x000000ac                USB_DeviceDescriptorIAD
 .progmem.data.STRING_MANUFACTURER
                0x000000be        0xc C:\Users\Mitchell\Desktop\Virtual_Pinball_Machine\Virtual_Pinball_Machine\ArduinoCore\Debug\libArduinoCore.a(USBCore.o)
                0x000000be                STRING_MANUFACTURER
 .progmem.data.STRING_PRODUCT
                0x000000ca       0x11 C:\Users\Mitchell\Desktop\Virtual_Pinball_Machine\Virtual_Pinball_Machine\ArduinoCore\Debug\libArduinoCore.a(USBCore.o)
                0x000000ca                STRING_PRODUCT
 .progmem.data.STRING_LANGUAGE
                0x000000db        0x4 C:\Users\Mitchell\Desktop\Virtual_Pinball_Machine\Virtual_Pinball_Machine\ArduinoCore\Debug\libArduinoCore.a(USBCore.o)
                0x000000db                STRING_LANGUAGE
 .progmem.data._asciimap
                0x000000df       0x80 C:\Users\Mitchell\Desktop\Virtual_Pinball_Machine\Virtual_Pinball_Machine\ArduinoCore\Debug\libArduinoCore.a(Keyboard.o)
                0x000000df                _asciimap
 .progmem.data._ZL20_hidReportDescriptor
                0x0000015f       0x2f C:\Users\Mitchell\Desktop\Virtual_Pinball_Machine\Virtual_Pinball_Machine\ArduinoCore\Debug\libArduinoCore.a(Keyboard.o)
 .progmem.data._cdcInterface
                0x0000018e       0x42 C:\Users\Mitchell\Desktop\Virtual_Pinball_Machine\Virtual_Pinball_Machine\ArduinoCore\Debug\libArduinoCore.a(CDC.o)
                0x0000018e                _cdcInterface
                0x000001d0                . = ALIGN (0x2)
 *(.jumptables)
 *(.jumptables*)
 *(.lowtext)
 *(.lowtext*)
                0x000001d0                __ctors_start = .
 *(.ctors)
 .ctors         0x000001d0        0x2 C:\Users\Mitchell\Desktop\Virtual_Pinball_Machine\Virtual_Pinball_Machine\ArduinoCore\Debug\libArduinoCore.a(Keyboard.o)
 .ctors         0x000001d2        0x2 C:\Users\Mitchell\Desktop\Virtual_Pinball_Machine\Virtual_Pinball_Machine\ArduinoCore\Debug\libArduinoCore.a(CDC.o)
                0x000001d4                __ctors_end = .
                0x000001d4                __dtors_start = .
 *(.dtors)
                0x000001d4                __dtors_end = .
 SORT(*)(.ctors)
 SORT(*)(.dtors)
 *(.init0)
 .init0         0x000001d4        0x0 C:/Program Files (x86)/Atmel/Studio/7.0/Packs/atmel/ATmega_DFP/1.6.364/gcc/dev/atmega32u4/avr5/crtatmega32u4.o
                0x000001d4                __init
 *(.init0)
 *(.init1)
 *(.init1)
 *(.init2)
 .init2         0x000001d4        0xc C:/Program Files (x86)/Atmel/Studio/7.0/Packs/atmel/ATmega_DFP/1.6.364/gcc/dev/atmega32u4/avr5/crtatmega32u4.o
 *(.init2)
 *(.init3)
 *(.init3)
 *(.init4)
 .init4         0x000001e0       0x16 c:/program files (x86)/atmel/studio/7.0/toolchain/avr8/avr8-gnu-toolchain/bin/../lib/gcc/avr/5.4.0/avr5\libgcc.a(_copy_data.o)
                0x000001e0                __do_copy_data
 .init4         0x000001f6       0x10 c:/program files (x86)/atmel/studio/7.0/toolchain/avr8/avr8-gnu-toolchain/bin/../lib/gcc/avr/5.4.0/avr5\libgcc.a(_clear_bss.o)
                0x000001f6                __do_clear_bss
 *(.init4)
 *(.init5)
 *(.init5)
 *(.init6)
 .init6         0x00000206       0x16 c:/program files (x86)/atmel/studio/7.0/toolchain/avr8/avr8-gnu-toolchain/bin/../lib/gcc/avr/5.4.0/avr5\libgcc.a(_ctors.o)
                0x00000206                __do_global_ctors
 *(.init6)
 *(.init7)
 *(.init7)
 *(.init8)
 *(.init8)
 *(.init9)
 .init9         0x0000021c        0x8 C:/Program Files (x86)/Atmel/Studio/7.0/Packs/atmel/ATmega_DFP/1.6.364/gcc/dev/atmega32u4/avr5/crtatmega32u4.o
 *(.init9)
 *(.text)
 .text          0x00000224        0x4 C:/Program Files (x86)/Atmel/Studio/7.0/Packs/atmel/ATmega_DFP/1.6.364/gcc/dev/atmega32u4/avr5/crtatmega32u4.o
                0x00000224                __vector_38
                0x00000224                __vector_22
                0x00000224                __vector_28
                0x00000224                __vector_1
                0x00000224                __vector_32
                0x00000224                __vector_34
                0x00000224                __vector_24
                0x00000224                __vector_12
                0x00000224                __bad_interrupt
                0x00000224                __vector_6
                0x00000224                __vector_31
                0x00000224                __vector_35
                0x00000224                __vector_39
                0x00000224                __vector_3
                0x00000224                __vector_30
                0x00000224                __vector_25
                0x00000224                __vector_13
                0x00000224                __vector_17
                0x00000224                __vector_19
                0x00000224                __vector_7
                0x00000224                __vector_41
                0x00000224                __vector_27
                0x00000224                __vector_5
                0x00000224                __vector_33
                0x00000224                __vector_37
                0x00000224                __vector_4
                0x00000224                __vector_9
                0x00000224                __vector_2
                0x00000224                __vector_21
                0x00000224                __vector_15
                0x00000224                __vector_36
                0x00000224                __vector_29
                0x00000224                __vector_40
                0x00000224                __vector_8
                0x00000224                __vector_26
                0x00000224                __vector_14
                0x00000224                __vector_16
                0x00000224                __vector_18
                0x00000224                __vector_20
                0x00000224                __vector_42
                0x00000228                . = ALIGN (0x2)
 *(.text.*)
 .text._Z11read_buttoniPbmPm
                0x00000228       0xce Sketch.o
                0x00000228                _Z11read_buttoniPbmPm
 .text.setup    0x000002f6       0x2e Sketch.o
                0x000002f6                setup
 .text.loop     0x00000324      0x1dc Sketch.o
                0x00000324                loop
 .text.initVariant
                0x00000500        0x2 C:\Users\Mitchell\Desktop\Virtual_Pinball_Machine\Virtual_Pinball_Machine\ArduinoCore\Debug\libArduinoCore.a(main.o)
                0x00000500                initVariant
 .text.startup.main
                0x00000502       0x26 C:\Users\Mitchell\Desktop\Virtual_Pinball_Machine\Virtual_Pinball_Machine\ArduinoCore\Debug\libArduinoCore.a(main.o)
                0x00000502                main
 .text._ZL4RecvPVhh
                0x00000528       0x1a C:\Users\Mitchell\Desktop\Virtual_Pinball_Machine\Virtual_Pinball_Machine\ArduinoCore\Debug\libArduinoCore.a(USBCore.o)
 .text._ZL11SendControlh
                0x00000542       0x5c C:\Users\Mitchell\Desktop\Virtual_Pinball_Machine\Virtual_Pinball_Machine\ArduinoCore\Debug\libArduinoCore.a(USBCore.o)
 .text._ZL24USB_SendStringDescriptorPKhhh
                0x0000059e       0x6a C:\Users\Mitchell\Desktop\Virtual_Pinball_Machine\Virtual_Pinball_Machine\ArduinoCore\Debug\libArduinoCore.a(USBCore.o)
 .text._ZL15USB_ClockEnablev
                0x00000608       0x46 C:\Users\Mitchell\Desktop\Virtual_Pinball_Machine\Virtual_Pinball_Machine\ArduinoCore\Debug\libArduinoCore.a(USBCore.o)
 .text._ZL14SendInterfacesv
                0x0000064e       0x2c C:\Users\Mitchell\Desktop\Virtual_Pinball_Machine\Virtual_Pinball_Machine\ArduinoCore\Debug\libArduinoCore.a(USBCore.o)
 .text._ZN6LockEPC2Eh
                0x0000067a       0x10 C:\Users\Mitchell\Desktop\Virtual_Pinball_Machine\Virtual_Pinball_Machine\ArduinoCore\Debug\libArduinoCore.a(USBCore.o)
                0x0000067a                _ZN6LockEPC2Eh
                0x0000067a                _ZN6LockEPC1Eh
 .text._Z13USB_Availableh
                0x0000068a       0x24 C:\Users\Mitchell\Desktop\Virtual_Pinball_Machine\Virtual_Pinball_Machine\ArduinoCore\Debug\libArduinoCore.a(USBCore.o)
                0x0000068a                _Z13USB_Availableh
 .text._Z8USB_RecvhPvi
                0x000006ae       0x86 C:\Users\Mitchell\Desktop\Virtual_Pinball_Machine\Virtual_Pinball_Machine\ArduinoCore\Debug\libArduinoCore.a(USBCore.o)
                0x000006ae                _Z8USB_RecvhPvi
 .text._Z8USB_Recvh
                0x00000734       0x2e C:\Users\Mitchell\Desktop\Virtual_Pinball_Machine\Virtual_Pinball_Machine\ArduinoCore\Debug\libArduinoCore.a(USBCore.o)
                0x00000734                _Z8USB_Recvh
 .text._Z13USB_SendSpaceh
                0x00000762       0x34 C:\Users\Mitchell\Desktop\Virtual_Pinball_Machine\Virtual_Pinball_Machine\ArduinoCore\Debug\libArduinoCore.a(USBCore.o)
                0x00000762                _Z13USB_SendSpaceh
 .text._Z8USB_SendhPKvi
                0x00000796      0x14a C:\Users\Mitchell\Desktop\Virtual_Pinball_Machine\Virtual_Pinball_Machine\ArduinoCore\Debug\libArduinoCore.a(USBCore.o)
                0x00000796                _Z8USB_SendhPKvi
 .text._Z11InitControli
                0x000008e0       0x16 C:\Users\Mitchell\Desktop\Virtual_Pinball_Machine\Virtual_Pinball_Machine\ArduinoCore\Debug\libArduinoCore.a(USBCore.o)
                0x000008e0                _Z11InitControli
 .text._Z15USB_SendControlhPKvi
                0x000008f6       0x4e C:\Users\Mitchell\Desktop\Virtual_Pinball_Machine\Virtual_Pinball_Machine\ArduinoCore\Debug\libArduinoCore.a(USBCore.o)
                0x000008f6                _Z15USB_SendControlhPKvi
 .text._Z15USB_RecvControlPvi
                0x00000944       0x66 C:\Users\Mitchell\Desktop\Virtual_Pinball_Machine\Virtual_Pinball_Machine\ArduinoCore\Debug\libArduinoCore.a(USBCore.o)
                0x00000944                _Z15USB_RecvControlPvi
 .text.__vector_11
                0x000009aa      0x2b4 C:\Users\Mitchell\Desktop\Virtual_Pinball_Machine\Virtual_Pinball_Machine\ArduinoCore\Debug\libArduinoCore.a(USBCore.o)
                0x000009aa                __vector_11
 .text._Z9USB_Flushh
                0x00000c5e       0x14 C:\Users\Mitchell\Desktop\Virtual_Pinball_Machine\Virtual_Pinball_Machine\ArduinoCore\Debug\libArduinoCore.a(USBCore.o)
                0x00000c5e                _Z9USB_Flushh
 .text.__vector_10
                0x00000c72      0x102 C:\Users\Mitchell\Desktop\Virtual_Pinball_Machine\Virtual_Pinball_Machine\ArduinoCore\Debug\libArduinoCore.a(USBCore.o)
                0x00000c72                __vector_10
 .text._ZN10USBDevice_6attachEv
                0x00000d74       0x26 C:\Users\Mitchell\Desktop\Virtual_Pinball_Machine\Virtual_Pinball_Machine\ArduinoCore\Debug\libArduinoCore.a(USBCore.o)
                0x00000d74                _ZN10USBDevice_6attachEv
 .text.__vector_23
                0x00000d9a       0x94 C:\Users\Mitchell\Desktop\Virtual_Pinball_Machine\Virtual_Pinball_Machine\ArduinoCore\Debug\libArduinoCore.a(wiring.o)
                0x00000d9a                __vector_23
 .text.millis   0x00000e2e       0x18 C:\Users\Mitchell\Desktop\Virtual_Pinball_Machine\Virtual_Pinball_Machine\ArduinoCore\Debug\libArduinoCore.a(wiring.o)
                0x00000e2e                millis
 .text.micros   0x00000e46       0x4a C:\Users\Mitchell\Desktop\Virtual_Pinball_Machine\Virtual_Pinball_Machine\ArduinoCore\Debug\libArduinoCore.a(wiring.o)
                0x00000e46                micros
 .text.delay    0x00000e90       0x78 C:\Users\Mitchell\Desktop\Virtual_Pinball_Machine\Virtual_Pinball_Machine\ArduinoCore\Debug\libArduinoCore.a(wiring.o)
                0x00000e90                delay
 .text.init     0x00000f08       0xac C:\Users\Mitchell\Desktop\Virtual_Pinball_Machine\Virtual_Pinball_Machine\ArduinoCore\Debug\libArduinoCore.a(wiring.o)
                0x00000f08                init
 .text._ZN5Print17availableForWriteEv
                0x00000fb4        0x6 C:\Users\Mitchell\Desktop\Virtual_Pinball_Machine\Virtual_Pinball_Machine\ArduinoCore\Debug\libArduinoCore.a(Keyboard.o)
                0x00000fb4                _ZN5Print17availableForWriteEv
 .text._ZN5Print5flushEv
                0x00000fba        0x2 C:\Users\Mitchell\Desktop\Virtual_Pinball_Machine\Virtual_Pinball_Machine\ArduinoCore\Debug\libArduinoCore.a(Keyboard.o)
                0x00000fba                _ZN5Print5flushEv
 .text._ZN9Keyboard_5writeEPKhj
                0x00000fbc       0x58 C:\Users\Mitchell\Desktop\Virtual_Pinball_Machine\Virtual_Pinball_Machine\ArduinoCore\Debug\libArduinoCore.a(Keyboard.o)
                0x00000fbc                _ZN9Keyboard_5writeEPKhj
 .text._ZN9Keyboard_C2Ev
                0x00001014       0x48 C:\Users\Mitchell\Desktop\Virtual_Pinball_Machine\Virtual_Pinball_Machine\ArduinoCore\Debug\libArduinoCore.a(Keyboard.o)
                0x00001014                _ZN9Keyboard_C1Ev
                0x00001014                _ZN9Keyboard_C2Ev
 .text._ZN9Keyboard_5beginEv
                0x0000105c        0x2 C:\Users\Mitchell\Desktop\Virtual_Pinball_Machine\Virtual_Pinball_Machine\ArduinoCore\Debug\libArduinoCore.a(Keyboard.o)
                0x0000105c                _ZN9Keyboard_5beginEv
 .text._ZN9Keyboard_10sendReportEP9KeyReport
                0x0000105e       0x1a C:\Users\Mitchell\Desktop\Virtual_Pinball_Machine\Virtual_Pinball_Machine\ArduinoCore\Debug\libArduinoCore.a(Keyboard.o)
                0x0000105e                _ZN9Keyboard_10sendReportEP9KeyReport
 .text._ZN9Keyboard_5pressEh
                0x00001078       0xd4 C:\Users\Mitchell\Desktop\Virtual_Pinball_Machine\Virtual_Pinball_Machine\ArduinoCore\Debug\libArduinoCore.a(Keyboard.o)
                0x00001078                _ZN9Keyboard_5pressEh
 .text._ZN9Keyboard_7releaseEh
                0x0000114c       0x84 C:\Users\Mitchell\Desktop\Virtual_Pinball_Machine\Virtual_Pinball_Machine\ArduinoCore\Debug\libArduinoCore.a(Keyboard.o)
                0x0000114c                _ZN9Keyboard_7releaseEh
 .text._ZN9Keyboard_5writeEh
                0x000011d0       0x2c C:\Users\Mitchell\Desktop\Virtual_Pinball_Machine\Virtual_Pinball_Machine\ArduinoCore\Debug\libArduinoCore.a(Keyboard.o)
                0x000011d0                _ZN9Keyboard_5writeEh
 .text.startup._GLOBAL__sub_I__ZN9Keyboard_C2Ev
                0x000011fc        0x8 C:\Users\Mitchell\Desktop\Virtual_Pinball_Machine\Virtual_Pinball_Machine\ArduinoCore\Debug\libArduinoCore.a(Keyboard.o)
 .text._ZN7Serial_5writeEh
                0x00001204       0x2c C:\Users\Mitchell\Desktop\Virtual_Pinball_Machine\Virtual_Pinball_Machine\ArduinoCore\Debug\libArduinoCore.a(CDC.o)
                0x00001204                _ZN7Serial_5writeEh
 .text._ZN7Serial_4peekEv
                0x00001230       0x22 C:\Users\Mitchell\Desktop\Virtual_Pinball_Machine\Virtual_Pinball_Machine\ArduinoCore\Debug\libArduinoCore.a(CDC.o)
                0x00001230                _ZN7Serial_4peekEv
 .text._ZN7Serial_17availableForWriteEv
                0x00001252        0xa C:\Users\Mitchell\Desktop\Virtual_Pinball_Machine\Virtual_Pinball_Machine\ArduinoCore\Debug\libArduinoCore.a(CDC.o)
                0x00001252                _ZN7Serial_17availableForWriteEv
 .text._ZN7Serial_5flushEv
                0x0000125c        0x6 C:\Users\Mitchell\Desktop\Virtual_Pinball_Machine\Virtual_Pinball_Machine\ArduinoCore\Debug\libArduinoCore.a(CDC.o)
                0x0000125c                _ZN7Serial_5flushEv
 .text._ZN7Serial_9availableEv
                0x00001262       0x20 C:\Users\Mitchell\Desktop\Virtual_Pinball_Machine\Virtual_Pinball_Machine\ArduinoCore\Debug\libArduinoCore.a(CDC.o)
                0x00001262                _ZN7Serial_9availableEv
 .text._ZN7Serial_4readEv
                0x00001282       0x1a C:\Users\Mitchell\Desktop\Virtual_Pinball_Machine\Virtual_Pinball_Machine\ArduinoCore\Debug\libArduinoCore.a(CDC.o)
                0x00001282                _ZN7Serial_4readEv
 .text._ZN7Serial_5writeEPKhj
                0x0000129c       0x2c C:\Users\Mitchell\Desktop\Virtual_Pinball_Machine\Virtual_Pinball_Machine\ArduinoCore\Debug\libArduinoCore.a(CDC.o)
                0x0000129c                _ZN7Serial_5writeEPKhj
 .text._Z16isLUFAbootloaderv
                0x000012c8       0x14 C:\Users\Mitchell\Desktop\Virtual_Pinball_Machine\Virtual_Pinball_Machine\ArduinoCore\Debug\libArduinoCore.a(CDC.o)
                0x000012c8                _Z16isLUFAbootloaderv
 .text._Z16CDC_GetInterfacePh
                0x000012dc       0x16 C:\Users\Mitchell\Desktop\Virtual_Pinball_Machine\Virtual_Pinball_Machine\ArduinoCore\Debug\libArduinoCore.a(CDC.o)
                0x000012dc                _Z16CDC_GetInterfacePh
 .text._Z9CDC_SetupR8USBSetup
                0x000012f2      0x11c C:\Users\Mitchell\Desktop\Virtual_Pinball_Machine\Virtual_Pinball_Machine\ArduinoCore\Debug\libArduinoCore.a(CDC.o)
                0x000012f2                _Z9CDC_SetupR8USBSetup
 .text.startup._GLOBAL__sub_I__cdcInterface
                0x0000140e       0x2a C:\Users\Mitchell\Desktop\Virtual_Pinball_Machine\Virtual_Pinball_Machine\ArduinoCore\Debug\libArduinoCore.a(CDC.o)
 .text.__empty  0x00001438        0x2 C:\Users\Mitchell\Desktop\Virtual_Pinball_Machine\Virtual_Pinball_Machine\ArduinoCore\Debug\libArduinoCore.a(hooks.o)
                0x00001438                yield
 .text._ZN13PluggableUSB_12getInterfaceEPh
                0x0000143a       0x52 C:\Users\Mitchell\Desktop\Virtual_Pinball_Machine\Virtual_Pinball_Machine\ArduinoCore\Debug\libArduinoCore.a(PluggableUSB.o)
                0x0000143a                _ZN13PluggableUSB_12getInterfaceEPh
 .text._ZN13PluggableUSB_13getDescriptorER8USBSetup
                0x0000148c       0x3e C:\Users\Mitchell\Desktop\Virtual_Pinball_Machine\Virtual_Pinball_Machine\ArduinoCore\Debug\libArduinoCore.a(PluggableUSB.o)
                0x0000148c                _ZN13PluggableUSB_13getDescriptorER8USBSetup
 .text._ZN13PluggableUSB_12getShortNameEPc
                0x000014ca       0x3e C:\Users\Mitchell\Desktop\Virtual_Pinball_Machine\Virtual_Pinball_Machine\ArduinoCore\Debug\libArduinoCore.a(PluggableUSB.o)
                0x000014ca                _ZN13PluggableUSB_12getShortNameEPc
 .text._ZN13PluggableUSB_5setupER8USBSetup
                0x00001508       0x3c C:\Users\Mitchell\Desktop\Virtual_Pinball_Machine\Virtual_Pinball_Machine\ArduinoCore\Debug\libArduinoCore.a(PluggableUSB.o)
                0x00001508                _ZN13PluggableUSB_5setupER8USBSetup
 .text._ZN13PluggableUSB_4plugEP18PluggableUSBModule
                0x00001544       0x8e C:\Users\Mitchell\Desktop\Virtual_Pinball_Machine\Virtual_Pinball_Machine\ArduinoCore\Debug\libArduinoCore.a(PluggableUSB.o)
                0x00001544                _ZN13PluggableUSB_4plugEP18PluggableUSBModule
 .text._Z12PluggableUSBv
                0x000015d2       0x28 C:\Users\Mitchell\Desktop\Virtual_Pinball_Machine\Virtual_Pinball_Machine\ArduinoCore\Debug\libArduinoCore.a(PluggableUSB.o)
                0x000015d2                _Z12PluggableUSBv
 .text._ZN4HID_12getShortNameEPc
                0x000015fa       0x38 C:\Users\Mitchell\Desktop\Virtual_Pinball_Machine\Virtual_Pinball_Machine\ArduinoCore\Debug\libArduinoCore.a(HID.o)
                0x000015fa                _ZN4HID_12getShortNameEPc
 .text._ZN4HID_12getInterfaceEPh
                0x00001632       0x90 C:\Users\Mitchell\Desktop\Virtual_Pinball_Machine\Virtual_Pinball_Machine\ArduinoCore\Debug\libArduinoCore.a(HID.o)
                0x00001632                _ZN4HID_12getInterfaceEPh
 .text._ZN4HID_13getDescriptorER8USBSetup
                0x000016c2       0x80 C:\Users\Mitchell\Desktop\Virtual_Pinball_Machine\Virtual_Pinball_Machine\ArduinoCore\Debug\libArduinoCore.a(HID.o)
                0x000016c2                _ZN4HID_13getDescriptorER8USBSetup
 .text._ZN4HID_5setupER8USBSetup
                0x00001742       0x4e C:\Users\Mitchell\Desktop\Virtual_Pinball_Machine\Virtual_Pinball_Machine\ArduinoCore\Debug\libArduinoCore.a(HID.o)
                0x00001742                _ZN4HID_5setupER8USBSetup
 .text._ZN4HID_16AppendDescriptorEP16HIDSubDescriptor
                0x00001790       0x3a C:\Users\Mitchell\Desktop\Virtual_Pinball_Machine\Virtual_Pinball_Machine\ArduinoCore\Debug\libArduinoCore.a(HID.o)
                0x00001790                _ZN4HID_16AppendDescriptorEP16HIDSubDescriptor
 .text._ZN4HID_10SendReportEhPKvi
                0x000017ca       0x68 C:\Users\Mitchell\Desktop\Virtual_Pinball_Machine\Virtual_Pinball_Machine\ArduinoCore\Debug\libArduinoCore.a(HID.o)
                0x000017ca                _ZN4HID_10SendReportEhPKvi
 .text._ZN4HID_C2Ev
                0x00001832       0x40 C:\Users\Mitchell\Desktop\Virtual_Pinball_Machine\Virtual_Pinball_Machine\ArduinoCore\Debug\libArduinoCore.a(HID.o)
                0x00001832                _ZN4HID_C1Ev
                0x00001832                _ZN4HID_C2Ev
 .text._Z3HIDv  0x00001872       0x1c C:\Users\Mitchell\Desktop\Virtual_Pinball_Machine\Virtual_Pinball_Machine\ArduinoCore\Debug\libArduinoCore.a(HID.o)
                0x00001872                _Z3HIDv
 .text.libgcc   0x0000188e        0xc c:/program files (x86)/atmel/studio/7.0/toolchain/avr8/avr8-gnu-toolchain/bin/../lib/gcc/avr/5.4.0/avr5\libgcc.a(_tablejump2.o)
                0x0000188e                __tablejump2__
                0x0000189a                . = ALIGN (0x2)
 *(.fini9)
 .fini9         0x0000189a        0x0 c:/program files (x86)/atmel/studio/7.0/toolchain/avr8/avr8-gnu-toolchain/bin/../lib/gcc/avr/5.4.0/avr5\libgcc.a(_exit.o)
                0x0000189a                _exit
                0x0000189a                exit
 *(.fini9)
 *(.fini8)
 *(.fini8)
 *(.fini7)
 *(.fini7)
 *(.fini6)
 *(.fini6)
 *(.fini5)
 *(.fini5)
 *(.fini4)
 *(.fini4)
 *(.fini3)
 *(.fini3)
 *(.fini2)
 *(.fini2)
 *(.fini1)
 *(.fini1)
 *(.fini0)
 .fini0         0x0000189a        0x4 c:/program files (x86)/atmel/studio/7.0/toolchain/avr8/avr8-gnu-toolchain/bin/../lib/gcc/avr/5.4.0/avr5\libgcc.a(_exit.o)
 *(.fini0)
                0x0000189e                _etext = .

.data           0x00800100       0x3e load address 0x0000189e
                0x00800100                PROVIDE (__data_start, .)
 *(.data)
 *(.data*)
 .data._initEndpoints
                0x00800100        0x7 C:\Users\Mitchell\Desktop\Virtual_Pinball_Machine\Virtual_Pinball_Machine\ArduinoCore\Debug\libArduinoCore.a(USBCore.o)
                0x00800100                _initEndpoints
 .data._ZL10breakValue
                0x00800107        0x4 C:\Users\Mitchell\Desktop\Virtual_Pinball_Machine\Virtual_Pinball_Machine\ArduinoCore\Debug\libArduinoCore.a(CDC.o)
 .data._ZL12_usbLineInfo
                0x0080010b        0x8 C:\Users\Mitchell\Desktop\Virtual_Pinball_Machine\Virtual_Pinball_Machine\ArduinoCore\Debug\libArduinoCore.a(CDC.o)
 *(.gnu.linkonce.d*)
 *(.rodata)
 *(.rodata*)
 .rodata._ZTV9Keyboard_
                0x00800113        0xc C:\Users\Mitchell\Desktop\Virtual_Pinball_Machine\Virtual_Pinball_Machine\ArduinoCore\Debug\libArduinoCore.a(Keyboard.o)
                0x00800113                _ZTV9Keyboard_
 .rodata._ZTV7Serial_
                0x0080011f       0x12 C:\Users\Mitchell\Desktop\Virtual_Pinball_Machine\Virtual_Pinball_Machine\ArduinoCore\Debug\libArduinoCore.a(CDC.o)
                0x0080011f                _ZTV7Serial_
 .rodata._ZTV4HID_
                0x00800131        0xc C:\Users\Mitchell\Desktop\Virtual_Pinball_Machine\Virtual_Pinball_Machine\ArduinoCore\Debug\libArduinoCore.a(HID.o)
                0x00800131                _ZTV4HID_
 *(.gnu.linkonce.r*)
                0x0080013e                . = ALIGN (0x2)
 *fill*         0x0080013d        0x1 
                0x0080013e                _edata = .
                0x0080013e                PROVIDE (__data_end, .)

.bss            0x0080013e       0xa3
                0x0080013e                PROVIDE (__bss_start, .)
 *(.bss)
 *(.bss*)
 .bss.USBDevice
                0x0080013e        0x1 C:\Users\Mitchell\Desktop\Virtual_Pinball_Machine\Virtual_Pinball_Machine\ArduinoCore\Debug\libArduinoCore.a(USBCore.o)
                0x0080013e                USBDevice
 .bss._ZL5_cend
                0x0080013f        0x2 C:\Users\Mitchell\Desktop\Virtual_Pinball_Machine\Virtual_Pinball_Machine\ArduinoCore\Debug\libArduinoCore.a(USBCore.o)
 .bss._ZL6_cmark
                0x00800141        0x2 C:\Users\Mitchell\Desktop\Virtual_Pinball_Machine\Virtual_Pinball_Machine\ArduinoCore\Debug\libArduinoCore.a(USBCore.o)
 .bss._usbSuspendState
                0x00800143        0x1 C:\Users\Mitchell\Desktop\Virtual_Pinball_Machine\Virtual_Pinball_Machine\ArduinoCore\Debug\libArduinoCore.a(USBCore.o)
                0x00800143                _usbSuspendState
 .bss._usbCurrentStatus
                0x00800144        0x1 C:\Users\Mitchell\Desktop\Virtual_Pinball_Machine\Virtual_Pinball_Machine\ArduinoCore\Debug\libArduinoCore.a(USBCore.o)
                0x00800144                _usbCurrentStatus
 .bss._usbConfiguration
                0x00800145        0x1 C:\Users\Mitchell\Desktop\Virtual_Pinball_Machine\Virtual_Pinball_Machine\ArduinoCore\Debug\libArduinoCore.a(USBCore.o)
                0x00800145                _usbConfiguration
 .bss.RxLEDPulse
                0x00800146        0x1 C:\Users\Mitchell\Desktop\Virtual_Pinball_Machine\Virtual_Pinball_Machine\ArduinoCore\Debug\libArduinoCore.a(USBCore.o)
                0x00800146                RxLEDPulse
 .bss.TxLEDPulse
                0x00800147        0x1 C:\Users\Mitchell\Desktop\Virtual_Pinball_Machine\Virtual_Pinball_Machine\ArduinoCore\Debug\libArduinoCore.a(USBCore.o)
                0x00800147                TxLEDPulse
 .bss.timer0_fract
                0x00800148        0x1 C:\Users\Mitchell\Desktop\Virtual_Pinball_Machine\Virtual_Pinball_Machine\ArduinoCore\Debug\libArduinoCore.a(wiring.o)
 .bss.timer0_millis
                0x00800149        0x4 C:\Users\Mitchell\Desktop\Virtual_Pinball_Machine\Virtual_Pinball_Machine\ArduinoCore\Debug\libArduinoCore.a(wiring.o)
                0x00800149                timer0_millis
 .bss.timer0_overflow_count
                0x0080014d        0x4 C:\Users\Mitchell\Desktop\Virtual_Pinball_Machine\Virtual_Pinball_Machine\ArduinoCore\Debug\libArduinoCore.a(wiring.o)
                0x0080014d                timer0_overflow_count
 .bss._ZZN9Keyboard_C4EvE4node
                0x00800151        0x6 C:\Users\Mitchell\Desktop\Virtual_Pinball_Machine\Virtual_Pinball_Machine\ArduinoCore\Debug\libArduinoCore.a(Keyboard.o)
 .bss.Keyboard  0x00800157        0xc C:\Users\Mitchell\Desktop\Virtual_Pinball_Machine\Virtual_Pinball_Machine\ArduinoCore\Debug\libArduinoCore.a(Keyboard.o)
                0x00800157                Keyboard
 .bss._ZGVZN9Keyboard_C4EvE4node
                0x00800163        0x8 C:\Users\Mitchell\Desktop\Virtual_Pinball_Machine\Virtual_Pinball_Machine\ArduinoCore\Debug\libArduinoCore.a(Keyboard.o)
 .bss.Serial    0x0080016b       0x50 C:\Users\Mitchell\Desktop\Virtual_Pinball_Machine\Virtual_Pinball_Machine\ArduinoCore\Debug\libArduinoCore.a(CDC.o)
                0x0080016b                Serial
 .bss._ZL11wdtcsr_save
                0x008001bb        0x1 C:\Users\Mitchell\Desktop\Virtual_Pinball_Machine\Virtual_Pinball_Machine\ArduinoCore\Debug\libArduinoCore.a(CDC.o)
 .bss._ZZ12PluggableUSBvE3obj
                0x008001bc        0x4 C:\Users\Mitchell\Desktop\Virtual_Pinball_Machine\Virtual_Pinball_Machine\ArduinoCore\Debug\libArduinoCore.a(PluggableUSB.o)
 .bss._ZGVZ12PluggableUSBvE3obj
                0x008001c0        0x8 C:\Users\Mitchell\Desktop\Virtual_Pinball_Machine\Virtual_Pinball_Machine\ArduinoCore\Debug\libArduinoCore.a(PluggableUSB.o)
 .bss._ZZ3HIDvE3obj
                0x008001c8       0x11 C:\Users\Mitchell\Desktop\Virtual_Pinball_Machine\Virtual_Pinball_Machine\ArduinoCore\Debug\libArduinoCore.a(HID.o)
 .bss._ZGVZ3HIDvE3obj
                0x008001d9        0x8 C:\Users\Mitchell\Desktop\Virtual_Pinball_Machine\Virtual_Pinball_Machine\ArduinoCore\Debug\libArduinoCore.a(HID.o)
 *(COMMON)
                0x008001e1                PROVIDE (__bss_end, .)
                0x0000189e                __data_load_start = LOADADDR (.data)
                0x000018dc                __data_load_end = (__data_load_start + SIZEOF (.data))

.noinit         0x008001e1        0x0
                [!provide]                PROVIDE (__noinit_start, .)
 *(.noinit*)
                [!provide]                PROVIDE (__noinit_end, .)
                0x008001e1                _end = .
                [!provide]                PROVIDE (__heap_start, .)

.eeprom         0x00810000        0x0
 *(.eeprom*)
                0x00810000                __eeprom_end = .

.fuse
 *(.fuse)
 *(.lfuse)
 *(.hfuse)
 *(.efuse)

.lock
 *(.lock*)

.signature
 *(.signature*)

.user_signatures
 *(.user_signatures*)

.stab
 *(.stab)

.stabstr
 *(.stabstr)

.stab.excl
 *(.stab.excl)

.stab.exclstr
 *(.stab.exclstr)

.stab.index
 *(.stab.index)

.stab.indexstr
 *(.stab.indexstr)

.comment        0x00000000       0x30
 *(.comment)
 .comment       0x00000000       0x30 Sketch.o
                                 0x31 (size before relaxing)
 .comment       0x00000030       0x31 C:\Users\Mitchell\Desktop\Virtual_Pinball_Machine\Virtual_Pinball_Machine\ArduinoCore\Debug\libArduinoCore.a(main.o)
 .comment       0x00000030       0x31 C:\Users\Mitchell\Desktop\Virtual_Pinball_Machine\Virtual_Pinball_Machine\ArduinoCore\Debug\libArduinoCore.a(USBCore.o)
 .comment       0x00000030       0x31 C:\Users\Mitchell\Desktop\Virtual_Pinball_Machine\Virtual_Pinball_Machine\ArduinoCore\Debug\libArduinoCore.a(wiring.o)
 .comment       0x00000030       0x31 C:\Users\Mitchell\Desktop\Virtual_Pinball_Machine\Virtual_Pinball_Machine\ArduinoCore\Debug\libArduinoCore.a(Keyboard.o)
 .comment       0x00000030       0x31 C:\Users\Mitchell\Desktop\Virtual_Pinball_Machine\Virtual_Pinball_Machine\ArduinoCore\Debug\libArduinoCore.a(CDC.o)
 .comment       0x00000030       0x31 C:\Users\Mitchell\Desktop\Virtual_Pinball_Machine\Virtual_Pinball_Machine\ArduinoCore\Debug\libArduinoCore.a(hooks.o)
 .comment       0x00000030       0x31 C:\Users\Mitchell\Desktop\Virtual_Pinball_Machine\Virtual_Pinball_Machine\ArduinoCore\Debug\libArduinoCore.a(PluggableUSB.o)
 .comment       0x00000030       0x31 C:\Users\Mitchell\Desktop\Virtual_Pinball_Machine\Virtual_Pinball_Machine\ArduinoCore\Debug\libArduinoCore.a(HID.o)

.note.gnu.avr.deviceinfo
                0x00000000       0x40
 .note.gnu.avr.deviceinfo
                0x00000000       0x40 C:/Program Files (x86)/Atmel/Studio/7.0/Packs/atmel/ATmega_DFP/1.6.364/gcc/dev/atmega32u4/avr5/crtatmega32u4.o

.note.gnu.build-id
 *(.note.gnu.build-id)

.debug
 *(.debug)

.line
 *(.line)

.debug_srcinfo
 *(.debug_srcinfo)

.debug_sfnames
 *(.debug_sfnames)

.debug_aranges  0x00000000      0x3b0
 *(.debug_aranges)
 .debug_aranges
                0x00000000       0x38 Sketch.o
 .debug_aranges
                0x00000038       0x30 C:\Users\Mitchell\Desktop\Virtual_Pinball_Machine\Virtual_Pinball_Machine\ArduinoCore\Debug\libArduinoCore.a(main.o)
 .debug_aranges
                0x00000068       0xe0 C:\Users\Mitchell\Desktop\Virtual_Pinball_Machine\Virtual_Pinball_Machine\ArduinoCore\Debug\libArduinoCore.a(USBCore.o)
 .debug_aranges
                0x00000148       0x48 C:\Users\Mitchell\Desktop\Virtual_Pinball_Machine\Virtual_Pinball_Machine\ArduinoCore\Debug\libArduinoCore.a(wiring.o)
 .debug_aranges
                0x00000190       0x70 C:\Users\Mitchell\Desktop\Virtual_Pinball_Machine\Virtual_Pinball_Machine\ArduinoCore\Debug\libArduinoCore.a(Keyboard.o)
 .debug_aranges
                0x00000200       0xd8 C:\Users\Mitchell\Desktop\Virtual_Pinball_Machine\Virtual_Pinball_Machine\ArduinoCore\Debug\libArduinoCore.a(CDC.o)
 .debug_aranges
                0x000002d8       0x20 C:\Users\Mitchell\Desktop\Virtual_Pinball_Machine\Virtual_Pinball_Machine\ArduinoCore\Debug\libArduinoCore.a(hooks.o)
 .debug_aranges
                0x000002f8       0x50 C:\Users\Mitchell\Desktop\Virtual_Pinball_Machine\Virtual_Pinball_Machine\ArduinoCore\Debug\libArduinoCore.a(PluggableUSB.o)
 .debug_aranges
                0x00000348       0x68 C:\Users\Mitchell\Desktop\Virtual_Pinball_Machine\Virtual_Pinball_Machine\ArduinoCore\Debug\libArduinoCore.a(HID.o)

.debug_pubnames
 *(.debug_pubnames)

.debug_info     0x00000000     0x7d0c
 *(.debug_info .gnu.linkonce.wi.*)
 .debug_info    0x00000000      0x9f4 C:/Program Files (x86)/Atmel/Studio/7.0/Packs/atmel/ATmega_DFP/1.6.364/gcc/dev/atmega32u4/avr5/crtatmega32u4.o
 .debug_info    0x000009f4      0x7a6 Sketch.o
 .debug_info    0x0000119a      0x35a C:\Users\Mitchell\Desktop\Virtual_Pinball_Machine\Virtual_Pinball_Machine\ArduinoCore\Debug\libArduinoCore.a(main.o)
 .debug_info    0x000014f4     0x1a3a C:\Users\Mitchell\Desktop\Virtual_Pinball_Machine\Virtual_Pinball_Machine\ArduinoCore\Debug\libArduinoCore.a(USBCore.o)
 .debug_info    0x00002f2e      0x2f9 C:\Users\Mitchell\Desktop\Virtual_Pinball_Machine\Virtual_Pinball_Machine\ArduinoCore\Debug\libArduinoCore.a(wiring.o)
 .debug_info    0x00003227      0xa9a C:\Users\Mitchell\Desktop\Virtual_Pinball_Machine\Virtual_Pinball_Machine\ArduinoCore\Debug\libArduinoCore.a(Keyboard.o)
 .debug_info    0x00003cc1     0x29f0 C:\Users\Mitchell\Desktop\Virtual_Pinball_Machine\Virtual_Pinball_Machine\ArduinoCore\Debug\libArduinoCore.a(CDC.o)
 .debug_info    0x000066b1       0x3e C:\Users\Mitchell\Desktop\Virtual_Pinball_Machine\Virtual_Pinball_Machine\ArduinoCore\Debug\libArduinoCore.a(hooks.o)
 .debug_info    0x000066ef      0x79f C:\Users\Mitchell\Desktop\Virtual_Pinball_Machine\Virtual_Pinball_Machine\ArduinoCore\Debug\libArduinoCore.a(PluggableUSB.o)
 .debug_info    0x00006e8e      0xe7e C:\Users\Mitchell\Desktop\Virtual_Pinball_Machine\Virtual_Pinball_Machine\ArduinoCore\Debug\libArduinoCore.a(HID.o)

.debug_abbrev   0x00000000     0x24f7
 *(.debug_abbrev)
 .debug_abbrev  0x00000000      0x96a C:/Program Files (x86)/Atmel/Studio/7.0/Packs/atmel/ATmega_DFP/1.6.364/gcc/dev/atmega32u4/avr5/crtatmega32u4.o
 .debug_abbrev  0x0000096a      0x1dd Sketch.o
 .debug_abbrev  0x00000b47      0x19a C:\Users\Mitchell\Desktop\Virtual_Pinball_Machine\Virtual_Pinball_Machine\ArduinoCore\Debug\libArduinoCore.a(main.o)
 .debug_abbrev  0x00000ce1      0x5e0 C:\Users\Mitchell\Desktop\Virtual_Pinball_Machine\Virtual_Pinball_Machine\ArduinoCore\Debug\libArduinoCore.a(USBCore.o)
 .debug_abbrev  0x000012c1      0x146 C:\Users\Mitchell\Desktop\Virtual_Pinball_Machine\Virtual_Pinball_Machine\ArduinoCore\Debug\libArduinoCore.a(wiring.o)
 .debug_abbrev  0x00001407      0x44b C:\Users\Mitchell\Desktop\Virtual_Pinball_Machine\Virtual_Pinball_Machine\ArduinoCore\Debug\libArduinoCore.a(Keyboard.o)
 .debug_abbrev  0x00001852      0x602 C:\Users\Mitchell\Desktop\Virtual_Pinball_Machine\Virtual_Pinball_Machine\ArduinoCore\Debug\libArduinoCore.a(CDC.o)
 .debug_abbrev  0x00001e54       0x2a C:\Users\Mitchell\Desktop\Virtual_Pinball_Machine\Virtual_Pinball_Machine\ArduinoCore\Debug\libArduinoCore.a(hooks.o)
 .debug_abbrev  0x00001e7e      0x2c5 C:\Users\Mitchell\Desktop\Virtual_Pinball_Machine\Virtual_Pinball_Machine\ArduinoCore\Debug\libArduinoCore.a(PluggableUSB.o)
 .debug_abbrev  0x00002143      0x3b4 C:\Users\Mitchell\Desktop\Virtual_Pinball_Machine\Virtual_Pinball_Machine\ArduinoCore\Debug\libArduinoCore.a(HID.o)

.debug_line     0x00000000     0x2530
 *(.debug_line .debug_line.* .debug_line_end)
 .debug_line    0x00000000      0x19a C:/Program Files (x86)/Atmel/Studio/7.0/Packs/atmel/ATmega_DFP/1.6.364/gcc/dev/atmega32u4/avr5/crtatmega32u4.o
 .debug_line    0x0000019a      0x3e0 Sketch.o
 .debug_line    0x0000057a      0x177 C:\Users\Mitchell\Desktop\Virtual_Pinball_Machine\Virtual_Pinball_Machine\ArduinoCore\Debug\libArduinoCore.a(main.o)
 .debug_line    0x000006f1      0x9e7 C:\Users\Mitchell\Desktop\Virtual_Pinball_Machine\Virtual_Pinball_Machine\ArduinoCore\Debug\libArduinoCore.a(USBCore.o)
 .debug_line    0x000010d8      0x2bd C:\Users\Mitchell\Desktop\Virtual_Pinball_Machine\Virtual_Pinball_Machine\ArduinoCore\Debug\libArduinoCore.a(wiring.o)
 .debug_line    0x00001395      0x46d C:\Users\Mitchell\Desktop\Virtual_Pinball_Machine\Virtual_Pinball_Machine\ArduinoCore\Debug\libArduinoCore.a(Keyboard.o)
 .debug_line    0x00001802      0x68b C:\Users\Mitchell\Desktop\Virtual_Pinball_Machine\Virtual_Pinball_Machine\ArduinoCore\Debug\libArduinoCore.a(CDC.o)
 .debug_line    0x00001e8d       0x41 C:\Users\Mitchell\Desktop\Virtual_Pinball_Machine\Virtual_Pinball_Machine\ArduinoCore\Debug\libArduinoCore.a(hooks.o)
 .debug_line    0x00001ece      0x2de C:\Users\Mitchell\Desktop\Virtual_Pinball_Machine\Virtual_Pinball_Machine\ArduinoCore\Debug\libArduinoCore.a(PluggableUSB.o)
 .debug_line    0x000021ac      0x384 C:\Users\Mitchell\Desktop\Virtual_Pinball_Machine\Virtual_Pinball_Machine\ArduinoCore\Debug\libArduinoCore.a(HID.o)

.debug_frame    0x00000000      0xa7c
 *(.debug_frame)
 .debug_frame   0x00000000       0x84 Sketch.o
 .debug_frame   0x00000084       0x54 C:\Users\Mitchell\Desktop\Virtual_Pinball_Machine\Virtual_Pinball_Machine\ArduinoCore\Debug\libArduinoCore.a(main.o)
 .debug_frame   0x000000d8      0x3ac C:\Users\Mitchell\Desktop\Virtual_Pinball_Machine\Virtual_Pinball_Machine\ArduinoCore\Debug\libArduinoCore.a(USBCore.o)
 .debug_frame   0x00000484       0xc4 C:\Users\Mitchell\Desktop\Virtual_Pinball_Machine\Virtual_Pinball_Machine\ArduinoCore\Debug\libArduinoCore.a(wiring.o)
 .debug_frame   0x00000548      0x124 C:\Users\Mitchell\Desktop\Virtual_Pinball_Machine\Virtual_Pinball_Machine\ArduinoCore\Debug\libArduinoCore.a(Keyboard.o)
 .debug_frame   0x0000066c      0x1d8 C:\Users\Mitchell\Desktop\Virtual_Pinball_Machine\Virtual_Pinball_Machine\ArduinoCore\Debug\libArduinoCore.a(CDC.o)
 .debug_frame   0x00000844       0x24 C:\Users\Mitchell\Desktop\Virtual_Pinball_Machine\Virtual_Pinball_Machine\ArduinoCore\Debug\libArduinoCore.a(hooks.o)
 .debug_frame   0x00000868       0xec C:\Users\Mitchell\Desktop\Virtual_Pinball_Machine\Virtual_Pinball_Machine\ArduinoCore\Debug\libArduinoCore.a(PluggableUSB.o)
 .debug_frame   0x00000954      0x128 C:\Users\Mitchell\Desktop\Virtual_Pinball_Machine\Virtual_Pinball_Machine\ArduinoCore\Debug\libArduinoCore.a(HID.o)

.debug_str      0x00000000     0x2bf4
 *(.debug_str)
 .debug_str     0x00000000      0x371 C:/Program Files (x86)/Atmel/Studio/7.0/Packs/atmel/ATmega_DFP/1.6.364/gcc/dev/atmega32u4/avr5/crtatmega32u4.o
 .debug_str     0x00000371      0x3ed Sketch.o
                                0x44d (size before relaxing)
 .debug_str     0x0000075e      0x1bd C:\Users\Mitchell\Desktop\Virtual_Pinball_Machine\Virtual_Pinball_Machine\ArduinoCore\Debug\libArduinoCore.a(main.o)
                                0x3bd (size before relaxing)
 .debug_str     0x0000091b      0x894 C:\Users\Mitchell\Desktop\Virtual_Pinball_Machine\Virtual_Pinball_Machine\ArduinoCore\Debug\libArduinoCore.a(USBCore.o)
                                0xc7d (size before relaxing)
 .debug_str     0x000011af      0x153 C:\Users\Mitchell\Desktop\Virtual_Pinball_Machine\Virtual_Pinball_Machine\ArduinoCore\Debug\libArduinoCore.a(wiring.o)
                                0x251 (size before relaxing)
 .debug_str     0x00001302      0x232 C:\Users\Mitchell\Desktop\Virtual_Pinball_Machine\Virtual_Pinball_Machine\ArduinoCore\Debug\libArduinoCore.a(Keyboard.o)
                                0x5b0 (size before relaxing)
 .debug_str     0x00001534     0x1406 C:\Users\Mitchell\Desktop\Virtual_Pinball_Machine\Virtual_Pinball_Machine\ArduinoCore\Debug\libArduinoCore.a(CDC.o)
                               0x1a30 (size before relaxing)
 .debug_str     0x0000293a       0x1c C:\Users\Mitchell\Desktop\Virtual_Pinball_Machine\Virtual_Pinball_Machine\ArduinoCore\Debug\libArduinoCore.a(hooks.o)
                                0x146 (size before relaxing)
 .debug_str     0x00002956       0x47 C:\Users\Mitchell\Desktop\Virtual_Pinball_Machine\Virtual_Pinball_Machine\ArduinoCore\Debug\libArduinoCore.a(PluggableUSB.o)
                                0x5c2 (size before relaxing)
 .debug_str     0x0000299d      0x257 C:\Users\Mitchell\Desktop\Virtual_Pinball_Machine\Virtual_Pinball_Machine\ArduinoCore\Debug\libArduinoCore.a(HID.o)
                                0x947 (size before relaxing)

.debug_loc      0x00000000     0x33f4
 *(.debug_loc)
 .debug_loc     0x00000000      0x5ce Sketch.o
 .debug_loc     0x000005ce     0x1277 C:\Users\Mitchell\Desktop\Virtual_Pinball_Machine\Virtual_Pinball_Machine\ArduinoCore\Debug\libArduinoCore.a(USBCore.o)
 .debug_loc     0x00001845      0x28d C:\Users\Mitchell\Desktop\Virtual_Pinball_Machine\Virtual_Pinball_Machine\ArduinoCore\Debug\libArduinoCore.a(wiring.o)
 .debug_loc     0x00001ad2      0x60e C:\Users\Mitchell\Desktop\Virtual_Pinball_Machine\Virtual_Pinball_Machine\ArduinoCore\Debug\libArduinoCore.a(Keyboard.o)
 .debug_loc     0x000020e0      0x790 C:\Users\Mitchell\Desktop\Virtual_Pinball_Machine\Virtual_Pinball_Machine\ArduinoCore\Debug\libArduinoCore.a(CDC.o)
 .debug_loc     0x00002870      0x445 C:\Users\Mitchell\Desktop\Virtual_Pinball_Machine\Virtual_Pinball_Machine\ArduinoCore\Debug\libArduinoCore.a(PluggableUSB.o)
 .debug_loc     0x00002cb5      0x73f C:\Users\Mitchell\Desktop\Virtual_Pinball_Machine\Virtual_Pinball_Machine\ArduinoCore\Debug\libArduinoCore.a(HID.o)

.debug_macinfo
 *(.debug_macinfo)

.debug_weaknames
 *(.debug_weaknames)

.debug_funcnames
 *(.debug_funcnames)

.debug_typenames
 *(.debug_typenames)

.debug_varnames
 *(.debug_varnames)

.debug_pubtypes
 *(.debug_pubtypes)

.debug_ranges   0x00000000      0x4a0
 *(.debug_ranges)
 .debug_ranges  0x00000000       0x40 Sketch.o
 .debug_ranges  0x00000040       0x20 C:\Users\Mitchell\Desktop\Virtual_Pinball_Machine\Virtual_Pinball_Machine\ArduinoCore\Debug\libArduinoCore.a(main.o)
 .debug_ranges  0x00000060      0x1c0 C:\Users\Mitchell\Desktop\Virtual_Pinball_Machine\Virtual_Pinball_Machine\ArduinoCore\Debug\libArduinoCore.a(USBCore.o)
 .debug_ranges  0x00000220       0x38 C:\Users\Mitchell\Desktop\Virtual_Pinball_Machine\Virtual_Pinball_Machine\ArduinoCore\Debug\libArduinoCore.a(wiring.o)
 .debug_ranges  0x00000258       0x60 C:\Users\Mitchell\Desktop\Virtual_Pinball_Machine\Virtual_Pinball_Machine\ArduinoCore\Debug\libArduinoCore.a(Keyboard.o)
 .debug_ranges  0x000002b8       0xe0 C:\Users\Mitchell\Desktop\Virtual_Pinball_Machine\Virtual_Pinball_Machine\ArduinoCore\Debug\libArduinoCore.a(CDC.o)
 .debug_ranges  0x00000398       0x10 C:\Users\Mitchell\Desktop\Virtual_Pinball_Machine\Virtual_Pinball_Machine\ArduinoCore\Debug\libArduinoCore.a(hooks.o)
 .debug_ranges  0x000003a8       0x58 C:\Users\Mitchell\Desktop\Virtual_Pinball_Machine\Virtual_Pinball_Machine\ArduinoCore\Debug\libArduinoCore.a(PluggableUSB.o)
 .debug_ranges  0x00000400       0xa0 C:\Users\Mitchell\Desktop\Virtual_Pinball_Machine\Virtual_Pinball_Machine\ArduinoCore\Debug\libArduinoCore.a(HID.o)

.debug_macro
 *(.debug_macro)
OUTPUT(main.elf elf32-avr)
LOAD linker stubs
